// Jest Snapshot v1, https://goo.gl/fbAQLP

exports[`Button renders correctly 1`] = `
.c0 {
  background-color: #c70039;
  border: none;
  color: white;
  padding: 15px 32px;
  text-align: center;
  -webkit-text-decoration: none;
  text-decoration: none;
  display: inline-block;
  font-size: 16px;
  margin: 4px 2px;
}

<GoalButton__DefaultButton
  data-team-type="home"
>
  <button
    className="c0"
    data-team-type="home"
  />
</GoalButton__DefaultButton>
`;

exports[`Goal Button renders correctly 1`] = `
<GoalButton__DefaultButton
  data-team-type="home"
>
  Button text
</GoalButton__DefaultButton>
`;
