// Jest Snapshot v1, https://goo.gl/fbAQLP

exports[`Score Board renders correctly 1`] = `
.c0 {
  display: inline-block;
  width: 80px;
  height: 80px;
}

.c0:after {
  content: ' ';
  display: block;
  width: 32px;
  height: 32px;
  margin: 10px;
  border-radius: 50%;
  border: 3px solid #6495ed;
  border-color: #6495ed transparent #6495ed transparent;
  -webkit-animation: eoUyJr 1.2s linear infinite;
  animation: eoUyJr 1.2s linear infinite;
}

<ScoreBoard>
  <ScoreBoard__LoadingDualRing>
    <div
      className="c0"
    />
  </ScoreBoard__LoadingDualRing>
</ScoreBoard>
`;
